ARM Linker, 5.03 [Build 76] [MDK-ARM Standard]

==============================================================================

Section Cross References

    stm32f2xx_it.o(.text) refers to os_cpu_a.o(.text) for OS_CPU_SR_Save
    stm32f2xx_it.o(.text) refers to os_core.o(.text) for OSTimeTick
    stm32f2xx_it.o(.text) refers to ethernetif.o(.text) for LwIP_Pkt_Handle
    stm32f2xx_it.o(.text) refers to stm32f2x7_eth.o(.text) for ETH_CheckFrameReceived
    stm32f2xx_it.o(.text) refers to stm32f2xx_dma.o(.text) for DMA_GetITStatus
    stm32f2xx_it.o(.text) refers to print_cells.o(.text) for USART1_DMA_TC_Hook
    stm32f2xx_it.o(.text) refers to stm32f2xx_usart.o(.text) for USART_GetITStatus
    stm32f2xx_it.o(.text) refers to os_task.o(.text) for OSTaskSuspend
    stm32f2xx_it.o(.text) refers to local_conf.o(.text) for USART3_Hook
    stm32f2xx_it.o(.text) refers to wifi_conf.o(.text) for UART6_Hook
    stm32f2xx_it.o(.text) refers to main.o(.data) for system_tick_num
    stm32f2xx_it.o(.text) refers to os_core.o(.data) for OSIntNesting
    stm32f2xx_it.o(.text) refers to stm32f2xx_it.o(.data) for sus_print_task
    netconf.o(.text) refers to queue_buf.o(.text) for Write_Buf
    netconf.o(.text) refers to os_sem.o(.text) for OSSemPost
    netconf.o(.text) refers to os_time.o(.text) for OSTimeDlyHMSM
    netconf.o(.text) refers to rt_memclr_w.o(.text) for __aeabi_memclr4
    netconf.o(.text) refers to more_infomation.o(.text) for Get_Current_Unix_Time
    netconf.o(.text) refers to pack_data.o(.text) for Pack_Req_Or_Status_Message
    netconf.o(.text) refers to api_lib.o(.text) for netconn_write_partly
    netconf.o(.text) refers to netbuf.o(.text) for netbuf_data
    netconf.o(.text) refers to analyze_data.o(.text) for find_substr_head
    netconf.o(.text) refers to os_mutex.o(.text) for OSMutexPend
    netconf.o(.text) refers to queue_buf.o(.bss) for urgent_buf
    netconf.o(.text) refers to main.o(.data) for Print_Queue_Sem
    netconf.o(.text) refers to netconf.o(.bss) for batch
    netconf.o(.text) refers to netconf.o(.data) for batch_head_current_len
    netconf.o(.text) refers to print_queue.o(.bss) for batch_info_table
    netconf.o(.text) refers to tcpip.o(.text) for tcpip_init
    netconf.o(.text) refers to netif.o(.text) for netif_add
    netconf.o(.text) refers to ethernetif.o(.text) for ethernetif_init
    i2c_ee.o(.text) refers to _printf_pad.o(.text) for _printf_pre_padding
    i2c_ee.o(.text) refers to _printf_percent.o(.ARM.Collect$$_printf_percent$$00000000) for _printf_percent
    i2c_ee.o(.text) refers to _printf_x.o(.ARM.Collect$$_printf_percent$$0000000C) for _printf_x
    i2c_ee.o(.text) refers to _printf_hex_int.o(.text) for _printf_longlong_hex
    i2c_ee.o(.text) refers to stm32f2xx_rcc.o(.text) for RCC_APB1PeriphClockCmd
    i2c_ee.o(.text) refers to stm32f2xx_gpio.o(.text) for GPIO_PinAFConfig
    i2c_ee.o(.text) refers to stm32f2xx_i2c.o(.text) for I2C_Init
    i2c_ee.o(.text) refers to noretval__2printf.o(.text) for __2printf
    i2c_ee.o(.text) refers to i2c_ee.o(.data) for EEPROM_ADDRESS
    main.o(.text) refers to os_mutex.o(.text) for OSMutexCreate
    main.o(.text) refers to noretval__2printf.o(.text) for __2printf
    main.o(.text) refers to os_sem.o(.text) for OSSemCreate
    main.o(.text) refers to os_q.o(.text) for OSQCreate
    main.o(.text) refers to print_queue.o(.text) for Print_Order
    main.o(.text) refers to requestheap.o(.text) for DealWifiReq
    main.o(.text) refers to status_mesg.o(.text) for MesgQue_Deal
    main.o(.text) refers to wifi_conf.o(.text) for wifi_receive
    main.o(.text) refers to local_conf.o(.text) for local_receive
    main.o(.text) refers to netconf.o(.text) for receive_connection
    main.o(.text) refers to os_time.o(.text) for OSTimeDlyHMSM
    main.o(.text) refers to print_cells.o(.text) for GetRestoredOrder
    main.o(.text) refers to os_core.o(.text) for OSStatInit
    main.o(.text) refers to stm32f207_init.o(.text) for System_Setup
    main.o(.text) refers to os_task.o(.text) for OSTaskCreate
    main.o(.text) refers to main.o(.data) for Local_Send_Data_Mutex
    main.o(.text) refers to status_mesg.o(.bss) for MesgQueArray
    main.o(.text) refers to print_cells.o(.bss) for PCMgr
    main.o(.text) refers to main.o(.bss) for heap
    main.o(.text) refers to netconf.o(.data) for order_netconn
    main.o(.text) refers to queue_buf.o(.text) for Init_Queue
    main.o(.text) refers to os_mem.o(.text) for OSMemCreate
    analyze_data.o(.text) refers to print_queue.o(.bss) for batch_info_table
    compress.o(.text) refers to rt_memclr_w.o(.text) for __aeabi_memclr4
    compress.o(.text) refers to stm32f2xx_usart.o(.text) for USART_SendData
    compress.o(.text) refers to print_bmp.o(.text) for double_print
    compress.o(.text) refers to printerexception.o(.data) for portSelect
    compress.o(.text) refers to compress.o(.data) for uncompress_map
    local_conf.o(.text) refers to os_sem.o(.text) for OSSemPost
[...]
    DMA_Cmd                                  0x08005d9d   Thumb Code    22  stm32f2xx_dma.o(.text)
    DMA_PeriphIncOffsetSizeConfig            0x08005db3   Thumb Code    22  stm32f2xx_dma.o(.text)
    DMA_FlowControllerConfig                 0x08005dc9   Thumb Code    22  stm32f2xx_dma.o(.text)
    DMA_SetCurrDataCounter                   0x08005ddf   Thumb Code     4  stm32f2xx_dma.o(.text)
    DMA_GetCurrDataCounter                   0x08005de3   Thumb Code     8  stm32f2xx_dma.o(.text)
    DMA_DoubleBufferModeConfig               0x08005deb   Thumb Code    24  stm32f2xx_dma.o(.text)
    DMA_DoubleBufferModeCmd                  0x08005e03   Thumb Code    22  stm32f2xx_dma.o(.text)
    DMA_MemoryTargetConfig                   0x08005e19   Thumb Code    10  stm32f2xx_dma.o(.text)
    DMA_GetCurrentMemoryTarget               0x08005e23   Thumb Code    20  stm32f2xx_dma.o(.text)
    DMA_GetCmdStatus                         0x08005e37   Thumb Code    20  stm32f2xx_dma.o(.text)
    DMA_GetFIFOStatus                        0x08005e4b   Thumb Code    12  stm32f2xx_dma.o(.text)
    DMA_GetFlagStatus                        0x08005e57   Thumb Code    54  stm32f2xx_dma.o(.text)
    DMA_ClearFlag                            0x08005e8d   Thumb Code    40  stm32f2xx_dma.o(.text)
    DMA_ITConfig                             0x08005eb5   Thumb Code    58  stm32f2xx_dma.o(.text)
    DMA_GetITStatus                          0x08005eef   Thumb Code    82  stm32f2xx_dma.o(.text)
    DMA_ClearITPendingBit                    0x08005f41   Thumb Code    40  stm32f2xx_dma.o(.text)
    GPIO_DeInit                              0x08005f89   Thumb Code   220  stm32f2xx_gpio.o(.text)
    GPIO_Init                                0x08006065   Thumb Code   144  stm32f2xx_gpio.o(.text)
    GPIO_StructInit                          0x080060f5   Thumb Code    18  stm32f2xx_gpio.o(.text)
    GPIO_PinLockConfig                       0x08006107   Thumb Code    34  stm32f2xx_gpio.o(.text)
    GPIO_ReadInputDataBit                    0x08006129   Thumb Code    18  stm32f2xx_gpio.o(.text)
    GPIO_ReadInputData                       0x0800613b   Thumb Code     8  stm32f2xx_gpio.o(.text)
    GPIO_ReadOutputDataBit                   0x08006143   Thumb Code    18  stm32f2xx_gpio.o(.text)
    GPIO_ReadOutputData                      0x08006155   Thumb Code     8  stm32f2xx_gpio.o(.text)
    GPIO_SetBits                             0x0800615d   Thumb Code     4  stm32f2xx_gpio.o(.text)
    GPIO_ResetBits                           0x08006161   Thumb Code     4  stm32f2xx_gpio.o(.text)
    GPIO_WriteBit                            0x08006165   Thumb Code    10  stm32f2xx_gpio.o(.text)
    GPIO_Write                               0x0800616f   Thumb Code     4  stm32f2xx_gpio.o(.text)
    GPIO_ToggleBits                          0x08006173   Thumb Code     8  stm32f2xx_gpio.o(.text)
    GPIO_PinAFConfig                         0x0800617b   Thumb Code    70  stm32f2xx_gpio.o(.text)
    I2C_DeInit                               0x080061e5   Thumb Code    82  stm32f2xx_i2c.o(.text)
    I2C_Init                                 0x08006237   Thumb Code   218  stm32f2xx_i2c.o(.text)
    I2C_StructInit                           0x08006311   Thumb Code    30  stm32f2xx_i2c.o(.text)
    I2C_Cmd                                  0x0800632f   Thumb Code    24  stm32f2xx_i2c.o(.text)
    I2C_GenerateSTART                        0x08006347   Thumb Code    24  stm32f2xx_i2c.o(.text)
    I2C_GenerateSTOP                         0x0800635f   Thumb Code    24  stm32f2xx_i2c.o(.text)
    I2C_Send7bitAddress                      0x08006377   Thumb Code    16  stm32f2xx_i2c.o(.text)
    I2C_AcknowledgeConfig                    0x08006387   Thumb Code    24  stm32f2xx_i2c.o(.text)
    I2C_OwnAddress2Config                    0x0800639f   Thumb Code    22  stm32f2xx_i2c.o(.text)
    I2C_DualAddressCmd                       0x080063b5   Thumb Code    24  stm32f2xx_i2c.o(.text)
    I2C_GeneralCallCmd                       0x080063cd   Thumb Code    24  stm32f2xx_i2c.o(.text)
    I2C_SoftwareResetCmd                     0x080063e5   Thumb Code    22  stm32f2xx_i2c.o(.text)
    I2C_StretchClockCmd                      0x080063fb   Thumb Code    24  stm32f2xx_i2c.o(.text)
    I2C_FastModeDutyCycleConfig              0x08006413   Thumb Code    28  stm32f2xx_i2c.o(.text)
    I2C_NACKPositionConfig                   0x0800642f   Thumb Code    28  stm32f2xx_i2c.o(.text)
    I2C_SMBusAlertConfig                     0x0800644b   Thumb Code    28  stm32f2xx_i2c.o(.text)
    I2C_ARPCmd                               0x08006467   Thumb Code    24  stm32f2xx_i2c.o(.text)
    I2C_SendData                             0x0800647f   Thumb Code     4  stm32f2xx_i2c.o(.text)
    I2C_ReceiveData                          0x08006483   Thumb Code     8  stm32f2xx_i2c.o(.text)
    I2C_TransmitPEC                          0x0800648b   Thumb Code    24  stm32f2xx_i2c.o(.text)
    I2C_PECPositionConfig                    0x080064a3   Thumb Code    28  stm32f2xx_i2c.o(.text)
    I2C_CalculatePEC                         0x080064bf   Thumb Code    24  stm32f2xx_i2c.o(.text)
    I2C_GetPEC                               0x080064d7   Thumb Code     8  stm32f2xx_i2c.o(.text)
    I2C_DMACmd                               0x080064df   Thumb Code    24  stm32f2xx_i2c.o(.text)
    I2C_DMALastTransferCmd                   0x080064f7   Thumb Code    24  stm32f2xx_i2c.o(.text)
    I2C_ReadRegister                         0x0800650f   Thumb Code    22  stm32f2xx_i2c.o(.text)
    I2C_ITConfig                             0x08006525   Thumb Code    18  stm32f2xx_i2c.o(.text)
    I2C_CheckEvent                           0x08006537   Thumb Code    42  stm32f2xx_i2c.o(.text)
    I2C_GetLastEvent                         0x08006561   Thumb Code    26  stm32f2xx_i2c.o(.text)
    I2C_GetFlagStatus                        0x0800657b   Thumb Code    58  stm32f2xx_i2c.o(.text)
    I2C_ClearFlag                            0x080065b5   Thumb Code    12  stm32f2xx_i2c.o(.text)
    I2C_GetITStatus                          0x080065c1   Thumb Code    64  stm32f2xx_i2c.o(.text)
    I2C_ClearITPendingBit                    0x08006601   Thumb Code    12  stm32f2xx_i2c.o(.text)
    RCC_DeInit                               0x0800660d   Thumb Code    60  stm32f2xx_rcc.o(.text)
    RCC_HSEConfig                            0x08006649   Thumb Code    14  stm32f2xx_rcc.o(.text)
    RCC_GetFlagStatus                        0x08006657   Thumb Code    60  stm32f2xx_rcc.o(.text)
    RCC_WaitForHSEStartUp                    0x08006693   Thumb Code    56  stm32f2xx_rcc.o(.text)
    RCC_AdjustHSICalibrationValue            0x080066cb   Thumb Code    20  stm32f2xx_rcc.o(.text)
    RCC_HSICmd                               0x080066df   Thumb Code     6  stm32f2xx_rcc.o(.text)
    RCC_LSEConfig                            0x080066e5   Thumb Code    46  stm32f2xx_rcc.o(.text)
    RCC_LSICmd                               0x08006713   Thumb Code     6  stm32f2xx_rcc.o(.text)
    RCC_PLLConfig                            0x08006719   Thumb Code    32  stm32f2xx_rcc.o(.text)
    RCC_PLLCmd                               0x08006739   Thumb Code     6  stm32f2xx_rcc.o(.text)
    RCC_PLLI2SConfig                         0x0800673f   Thumb Code    14  stm32f2xx_rcc.o(.text)
    RCC_PLLI2SCmd                            0x0800674d   Thumb Code     6  stm32f2xx_rcc.o(.text)
    RCC_ClockSecuritySystemCmd               0x08006753   Thumb Code     6  stm32f2xx_rcc.o(.text)
    RCC_MCO1Config                           0x08006759   Thumb Code    28  stm32f2xx_rcc.o(.text)
    RCC_MCO2Config                           0x08006775   Thumb Code    28  stm32f2xx_rcc.o(.text)
    RCC_SYSCLKConfig                         0x08006791   Thumb Code    20  stm32f2xx_rcc.o(.text)
    RCC_GetSYSCLKSource                      0x080067a5   Thumb Code    12  stm32f2xx_rcc.o(.text)
    RCC_HCLKConfig                           0x080067b1   Thumb Code    20  stm32f2xx_rcc.o(.text)
    RCC_PCLK1Config                          0x080067c5   Thumb Code    20  stm32f2xx_rcc.o(.text)
    RCC_PCLK2Config                          0x080067d9   Thumb Code    22  stm32f2xx_rcc.o(.text)
    RCC_GetClocksFreq                        0x080067ef   Thumb Code   222  stm32f2xx_rcc.o(.text)
    RCC_RTCCLKConfig                         0x080068cd   Thumb Code    54  stm32f2xx_rcc.o(.text)
    RCC_RTCCLKCmd                            0x08006903   Thumb Code     8  stm32f2xx_rcc.o(.text)
    RCC_BackupResetCmd                       0x0800690b   Thumb Code     8  stm32f2xx_rcc.o(.text)
    RCC_I2SCLKConfig                         0x08006913   Thumb Code     6  stm32f2xx_rcc.o(.text)
    RCC_AHB1PeriphClockCmd                   0x08006919   Thumb Code    34  stm32f2xx_rcc.o(.text)
    RCC_AHB2PeriphClockCmd                   0x0800693b   Thumb Code    34  stm32f2xx_rcc.o(.text)
    RCC_AHB3PeriphClockCmd                   0x0800695d   Thumb Code    34  stm32f2xx_rcc.o(.text)
    RCC_APB1PeriphClockCmd                   0x0800697f   Thumb Code    34  stm32f2xx_rcc.o(.text)
    RCC_APB2PeriphClockCmd                   0x080069a1   Thumb Code    34  stm32f2xx_rcc.o(.text)
    RCC_AHB1PeriphResetCmd                   0x080069c3   Thumb Code    34  stm32f2xx_rcc.o(.text)
    RCC_AHB2PeriphResetCmd                   0x080069e5   Thumb Code    72  stm32f2xx_rcc.o(.text)
    RCC_AHB3PeriphResetCmd                   0x08006a2d   Thumb Code    34  stm32f2xx_rcc.o(.text)
    RCC_APB1PeriphResetCmd                   0x08006a4f   Thumb Code    34  stm32f2xx_rcc.o(.text)
    RCC_APB2PeriphResetCmd                   0x08006a71   Thumb Code    34  stm32f2xx_rcc.o(.text)
    RCC_AHB1PeriphClockLPModeCmd             0x08006a93   Thumb Code    34  stm32f2xx_rcc.o(.text)
    RCC_AHB2PeriphClockLPModeCmd             0x08006ab5   Thumb Code    34  stm32f2xx_rcc.o(.text)
    RCC_AHB3PeriphClockLPModeCmd             0x08006ad7   Thumb Code    34  stm32f2xx_rcc.o(.text)
    RCC_APB1PeriphClockLPModeCmd             0x08006af9   Thumb Code    34  stm32f2xx_rcc.o(.text)
    RCC_APB2PeriphClockLPModeCmd             0x08006b1b   Thumb Code    34  stm32f2xx_rcc.o(.text)
    RCC_ITConfig                             0x08006b3d   Thumb Code    34  stm32f2xx_rcc.o(.text)
    RCC_ClearFlag                            0x08006b5f   Thumb Code    18  stm32f2xx_rcc.o(.text)
    RCC_GetITStatus                          0x08006b71   Thumb Code    22  stm32f2xx_rcc.o(.text)
    RCC_ClearITPendingBit                    0x08006b87   Thumb Code     8  stm32f2xx_rcc.o(.text)
    SYSCFG_DeInit                            0x08006b95   Thumb Code    22  stm32f2xx_syscfg.o(.text)
    SYSCFG_MemoryRemapConfig                 0x08006bab   Thumb Code     6  stm32f2xx_syscfg.o(.text)
    SYSCFG_EXTILineConfig                    0x08006bb1   Thumb Code    66  stm32f2xx_syscfg.o(.text)
    SYSCFG_ETH_MediaInterfaceConfig          0x08006bf3   Thumb Code     6  stm32f2xx_syscfg.o(.text)
    SYSCFG_CompensationCellCmd               0x08006bf9   Thumb Code     6  stm32f2xx_syscfg.o(.text)
    SYSCFG_GetCompensationCellStatus         0x08006bff   Thumb Code    22  stm32f2xx_syscfg.o(.text)
    USART_DeInit                             0x08006c21   Thumb Code   156  stm32f2xx_usart.o(.text)
    USART_Init                               0x08006cbd   Thumb Code   204  stm32f2xx_usart.o(.text)
    USART_StructInit                         0x08006d89   Thumb Code    24  stm32f2xx_usart.o(.text)
    USART_ClockInit                          0x08006da1   Thumb Code    32  stm32f2xx_usart.o(.text)
    USART_ClockStructInit                    0x08006dc1   Thumb Code    12  stm32f2xx_usart.o(.text)
    USART_Cmd                                0x08006dcd   Thumb Code    24  stm32f2xx_usart.o(.text)
    USART_SetPrescaler                       0x08006de5   Thumb Code    16  stm32f2xx_usart.o(.text)
    USART_OverSampling8Cmd                   0x08006df5   Thumb Code    22  stm32f2xx_usart.o(.text)
    USART_OneBitMethodCmd                    0x08006e0b   Thumb Code    24  stm32f2xx_usart.o(.text)
    USART_GetFlagStatus                      0x08006e23   Thumb Code    26  stm32f2xx_usart.o(.text)
    USART_SendData                           0x08006e3d   Thumb Code    28  stm32f2xx_usart.o(.text)
    USART_ReceiveData                        0x08006e59   Thumb Code    10  stm32f2xx_usart.o(.text)
    USART_SetAddress                         0x08006e63   Thumb Code    18  stm32f2xx_usart.o(.text)
    USART_ReceiverWakeUpCmd                  0x08006e75   Thumb Code    24  stm32f2xx_usart.o(.text)
    USART_WakeUpConfig                       0x08006e8d   Thumb Code    18  stm32f2xx_usart.o(.text)
    USART_LINBreakDetectLengthConfig         0x08006e9f   Thumb Code    18  stm32f2xx_usart.o(.text)
    USART_LINCmd                             0x08006eb1   Thumb Code    24  stm32f2xx_usart.o(.text)
    USART_SendBreak                          0x08006ec9   Thumb Code    10  stm32f2xx_usart.o(.text)
    USART_HalfDuplexCmd                      0x08006ed3   Thumb Code    24  stm32f2xx_usart.o(.text)
    USART_SetGuardTime                       0x08006eeb   Thumb Code    16  stm32f2xx_usart.o(.text)
    USART_SmartCardCmd                       0x08006efb   Thumb Code    24  stm32f2xx_usart.o(.text)
    USART_SmartCardNACKCmd                   0x08006f13   Thumb Code    24  stm32f2xx_usart.o(.text)
    USART_IrDAConfig                         0x08006f2b   Thumb Code    18  stm32f2xx_usart.o(.text)
    USART_IrDACmd                            0x08006f3d   Thumb Code    24  stm32f2xx_usart.o(.text)
    USART_DMACmd                             0x08006f55   Thumb Code    18  stm32f2xx_usart.o(.text)
    USART_ITConfig                           0x08006f67   Thumb Code    74  stm32f2xx_usart.o(.text)
    USART_ClearFlag                          0x08006fb1   Thumb Code    18  stm32f2xx_usart.o(.text)
    USART_GetITStatus                        0x08006fc3   Thumb Code   110  stm32f2xx_usart.o(.text)
    USART_ClearITPendingBit                  0x08007031   Thumb Code    30  stm32f2xx_usart.o(.text)
    ETH_DeInit                               0x0800706d   Thumb Code    22  stm32f2x7_eth.o(.text)
    ETH_StructInit                           0x08007083   Thumb Code   178  stm32f2x7_eth.o(.text)
    ETH_WritePHYRegister                     0x08007135   Thumb Code    96  stm32f2x7_eth.o(.text)
    ETH_ReadPHYRegister                      0x08007195   Thumb Code    98  stm32f2x7_eth.o(.text)
    ETH_Init                                 0x080071f7   Thumb Code   602  stm32f2x7_eth.o(.text)
    ETH_DMAReceptionCmd                      0x08007451   Thumb Code    30  stm32f2x7_eth.o(.text)
    ETH_DMATransmissionCmd                   0x0800746f   Thumb Code    30  stm32f2x7_eth.o(.text)
    ETH_MACReceptionCmd                      0x0800748d   Thumb Code    30  stm32f2x7_eth.o(.text)
    ETH_FlushTransmitFIFO                    0x080074ab   Thumb Code    14  stm32f2x7_eth.o(.text)
    ETH_MACTransmissionCmd                   0x080074b9   Thumb Code    30  stm32f2x7_eth.o(.text)
    ETH_Start                                0x080074d7   Thumb Code    32  stm32f2x7_eth.o(.text)
    ETH_GetFlowControlBusyStatus             0x080074f7   Thumb Code    20  stm32f2x7_eth.o(.text)
    ETH_InitiatePauseControlFrame            0x0800750b   Thumb Code    14  stm32f2x7_eth.o(.text)
    ETH_BackPressureActivationCmd            0x08007519   Thumb Code    70  stm32f2x7_eth.o(.text)
    ETH_GetMACFlagStatus                     0x0800755f   Thumb Code    20  stm32f2x7_eth.o(.text)
    ETH_GetMACITStatus                       0x08007573   Thumb Code    20  stm32f2x7_eth.o(.text)
    ETH_MACITConfig                          0x08007587   Thumb Code    26  stm32f2x7_eth.o(.text)
    ETH_MACAddressConfig                     0x080075a1   Thumb Code    46  stm32f2x7_eth.o(.text)
    ETH_GetMACAddress                        0x080075cf   Thumb Code    36  stm32f2x7_eth.o(.text)
    ETH_MACAddressPerfectFilterCmd           0x080075f3   Thumb Code    38  stm32f2x7_eth.o(.text)
    ETH_MACAddressFilterConfig               0x08007619   Thumb Code    40  stm32f2x7_eth.o(.text)
    ETH_MACAddressMaskBytesFilterConfig      0x08007641   Thumb Code    32  stm32f2x7_eth.o(.text)
    ETH_Get_Received_Frame                   0x08007661   Thumb Code    82  stm32f2x7_eth.o(.text)
    ETH_Get_Received_Frame_interrupt         0x080076b3   Thumb Code   268  stm32f2x7_eth.o(.text)
    ETH_Prepare_Transmit_Descriptors         0x080077bf   Thumb Code   222  stm32f2x7_eth.o(.text)
    ETH_DMARxDescChainInit                   0x0800789d   Thumb Code    82  stm32f2x7_eth.o(.text)
    ETH_CheckFrameReceived                   0x080078ef   Thumb Code   216  stm32f2x7_eth.o(.text)
    ETH_DMATxDescChainInit                   0x080079c7   Thumb Code    70  stm32f2x7_eth.o(.text)
    ETH_GetDMATxDescFlagStatus               0x08007a0d   Thumb Code    18  stm32f2x7_eth.o(.text)
    ETH_GetDMATxDescCollisionCount           0x08007a1f   Thumb Code    10  stm32f2x7_eth.o(.text)
    ETH_SetDMATxDescOwnBit                   0x08007a29   Thumb Code    10  stm32f2x7_eth.o(.text)
    ETH_DMATxDescTransmitITConfig            0x08007a33   Thumb Code    22  stm32f2x7_eth.o(.text)
    ETH_DMATxDescFrameSegmentConfig          0x08007a49   Thumb Code     8  stm32f2x7_eth.o(.text)
    ETH_DMATxDescChecksumInsertionConfig     0x08007a51   Thumb Code     8  stm32f2x7_eth.o(.text)
    ETH_DMATxDescCRCCmd                      0x08007a59   Thumb Code    22  stm32f2x7_eth.o(.text)
    ETH_DMATxDescSecondAddressChainedCmd     0x08007a6f   Thumb Code    22  stm32f2x7_eth.o(.text)
    ETH_DMATxDescShortFramePaddingCmd        0x08007a85   Thumb Code    22  stm32f2x7_eth.o(.text)
    ETH_DMATxDescBufferSizeConfig            0x08007a9b   Thumb Code    14  stm32f2x7_eth.o(.text)
    ETH_GetDMARxDescFlagStatus               0x08007aa9   Thumb Code    18  stm32f2x7_eth.o(.text)
    ETH_GetDMAPTPRxDescExtendedFlagStatus    0x08007abb   Thumb Code    18  stm32f2x7_eth.o(.text)
    ETH_SetDMARxDescOwnBit                   0x08007acd   Thumb Code    10  stm32f2x7_eth.o(.text)
    ETH_GetDMARxDescFrameLength              0x08007ad7   Thumb Code    10  stm32f2x7_eth.o(.text)
    ETH_DMARxDescReceiveITConfig             0x08007ae1   Thumb Code    22  stm32f2x7_eth.o(.text)
    ETH_GetDMARxDescBufferSize               0x08007af7   Thumb Code    20  stm32f2x7_eth.o(.text)
    ETH_GetRxPktSize                         0x08007b0b   Thumb Code    42  stm32f2x7_eth.o(.text)
    ETH_EnhancedDescriptorCmd                0x08007b35   Thumb Code    30  stm32f2x7_eth.o(.text)
    ETH_SoftwareReset                        0x08007b53   Thumb Code    14  stm32f2x7_eth.o(.text)
    ETH_GetSoftwareResetStatus               0x08007b61   Thumb Code    20  stm32f2x7_eth.o(.text)
    ETH_GetDMAFlagStatus                     0x08007b75   Thumb Code    20  stm32f2x7_eth.o(.text)
    ETH_DMAClearFlag                         0x08007b89   Thumb Code     6  stm32f2x7_eth.o(.text)
    ETH_DMAITConfig                          0x08007b8f   Thumb Code    26  stm32f2x7_eth.o(.text)
    ETH_GetDMAITStatus                       0x08007ba9   Thumb Code    20  stm32f2x7_eth.o(.text)
    ETH_DMAClearITPendingBit                 0x08007bbd   Thumb Code     6  stm32f2x7_eth.o(.text)
    ETH_GetTransmitProcessState              0x08007bc3   Thumb Code    10  stm32f2x7_eth.o(.text)
    ETH_GetReceiveProcessState               0x08007bcd   Thumb Code    10  stm32f2x7_eth.o(.text)
    ETH_GetFlushTransmitFIFOStatus           0x08007bd7   Thumb Code    20  stm32f2x7_eth.o(.text)
    ETH_GetDMAOverflowStatus                 0x08007beb   Thumb Code    20  stm32f2x7_eth.o(.text)
    ETH_GetRxOverflowMissedFrameCounter      0x08007bff   Thumb Code    10  stm32f2x7_eth.o(.text)
    ETH_GetBufferUnavailableMissedFrameCounter 0x08007c09   Thumb Code     8  stm32f2x7_eth.o(.text)
    ETH_GetCurrentTxDescStartAddress         0x08007c11   Thumb Code     6  stm32f2x7_eth.o(.text)
    ETH_GetCurrentRxDescStartAddress         0x08007c17   Thumb Code     6  stm32f2x7_eth.o(.text)
    ETH_GetCurrentTxBufferAddress            0x08007c1d   Thumb Code     6  stm32f2x7_eth.o(.text)
    ETH_GetCurrentRxBufferAddress            0x08007c23   Thumb Code     6  stm32f2x7_eth.o(.text)
    ETH_ResumeDMATransmission                0x08007c29   Thumb Code     8  stm32f2x7_eth.o(.text)
    ETH_ResumeDMAReception                   0x08007c31   Thumb Code     8  stm32f2x7_eth.o(.text)
    ETH_SetReceiveWatchdogTimer              0x08007c39   Thumb Code     6  stm32f2x7_eth.o(.text)
    ETH_PHYLoopBackCmd                       0x08007c3f   Thumb Code    52  stm32f2x7_eth.o(.text)
    ETH_ResetWakeUpFrameFilterRegisterPointer 0x08007c73   Thumb Code    14  stm32f2x7_eth.o(.text)
    ETH_SetWakeUpFrameFilterRegister         0x08007c81   Thumb Code    24  stm32f2x7_eth.o(.text)
    ETH_GlobalUnicastWakeUpCmd               0x08007c99   Thumb Code    30  stm32f2x7_eth.o(.text)
    ETH_GetPMTFlagStatus                     0x08007cb7   Thumb Code    20  stm32f2x7_eth.o(.text)
    ETH_WakeUpFrameDetectionCmd              0x08007ccb   Thumb Code    30  stm32f2x7_eth.o(.text)
    ETH_MagicPacketDetectionCmd              0x08007ce9   Thumb Code    30  stm32f2x7_eth.o(.text)
    ETH_PowerDownCmd                         0x08007d07   Thumb Code    30  stm32f2x7_eth.o(.text)
    ETH_MMCCounterFullPreset                 0x08007d25   Thumb Code    16  stm32f2x7_eth.o(.text)
    ETH_MMCCounterHalfPreset                 0x08007d35   Thumb Code    56  stm32f2x7_eth.o(.text)
    ETH_MMCCounterFreezeCmd                  0x08007d6d   Thumb Code    34  stm32f2x7_eth.o(.text)
    ETH_MMCResetOnReadCmd                    0x08007d8f   Thumb Code    34  stm32f2x7_eth.o(.text)
    ETH_MMCCounterRolloverCmd                0x08007db1   Thumb Code    34  stm32f2x7_eth.o(.text)
    ETH_MMCCountersReset                     0x08007dd3   Thumb Code    16  stm32f2x7_eth.o(.text)
    ETH_MMCITConfig                          0x08007de3   Thumb Code    78  stm32f2x7_eth.o(.text)
    ETH_GetMMCITStatus                       0x08007e31   Thumb Code    58  stm32f2x7_eth.o(.text)
    ETH_GetMMCRegister                       0x08007e6b   Thumb Code     8  stm32f2x7_eth.o(.text)
    OSInitHookBegin                          0x08007e8d   Thumb Code     2  os_cpu_c.o(.text)
    OSInitHookEnd                            0x08007e8f   Thumb Code     2  os_cpu_c.o(.text)
    OSTaskCreateHook                         0x08007e91   Thumb Code     2  os_cpu_c.o(.text)
    OSTaskDelHook                            0x08007e93   Thumb Code     2  os_cpu_c.o(.text)
    OSTaskIdleHook                           0x08007e95   Thumb Code     2  os_cpu_c.o(.text)
    OSTaskReturnHook                         0x08007e97   Thumb Code     2  os_cpu_c.o(.text)
    OSTaskStatHook                           0x08007e99   Thumb Code     2  os_cpu_c.o(.text)
    OSTaskStkInit                            0x08007e9b   Thumb Code   158  os_cpu_c.o(.text)
    OSTaskSwHook                             0x08007f39   Thumb Code     2  os_cpu_c.o(.text)
    OSTCBInitHook                            0x08007f3b   Thumb Code     2  os_cpu_c.o(.text)
    OSTimeTickHook                           0x08007f3d   Thumb Code     2  os_cpu_c.o(.text)
    OS_CPU_SysTickHandler                    0x08007f3f   Thumb Code    34  os_cpu_c.o(.text)
    OS_CPU_SysTickInit                       0x08007f61   Thumb Code    42  os_cpu_c.o(.text)
    OS_CPU_SR_Save                           0x08007f99   Thumb Code     0  os_cpu_a.o(.text)
    OS_CPU_SR_Restore                        0x08007fa1   Thumb Code     0  os_cpu_a.o(.text)
    OSStartHighRdy                           0x08007fa7   Thumb Code     0  os_cpu_a.o(.text)
    OSCtxSw                                  0x08007fc7   Thumb Code     0  os_cpu_a.o(.text)
    OSIntCtxSw                               0x08007fd1   Thumb Code     0  os_cpu_a.o(.text)
    OS_CPU_PendSVHandler                     0x08007fdb   Thumb Code     0  os_cpu_a.o(.text)
    OS_TaskStatStkChk                        0x0800803d   Thumb Code    54  os_core.o(.text)
    OS_TaskStat                              0x08008073   Thumb Code   114  os_core.o(.text)
    OS_TaskIdle                              0x08008119   Thumb Code    32  os_core.o(.text)
    OS_MemClr                                0x0800816d   Thumb Code    18  os_core.o(.text)
    OSInit                                   0x08008257   Thumb Code    48  os_core.o(.text)
    OSIntEnter                               0x08008287   Thumb Code    44  os_core.o(.text)
    OSIntExit                                0x080082cd   Thumb Code   112  os_core.o(.text)
    OSSchedLock                              0x0800833d   Thumb Code    50  os_core.o(.text)
    OS_Sched                                 0x0800836f   Thumb Code    88  os_core.o(.text)
    OSSchedUnlock                            0x080083c7   Thumb Code    82  os_core.o(.text)
    OSStart                                  0x08008419   Thumb Code   202  os_core.o(.text)
    OSStatInit                               0x080084e3   Thumb Code    62  os_core.o(.text)
    OSTimeTick                               0x08008521   Thumb Code   218  os_core.o(.text)
    OSVersion                                0x080085fb   Thumb Code     6  os_core.o(.text)
    OS_Dummy                                 0x08008601   Thumb Code     2  os_core.o(.text)
    OS_EventTaskRemove                       0x08008603   Thumb Code    42  os_core.o(.text)
    OS_EventTaskRdy                          0x0800862d   Thumb Code   118  os_core.o(.text)
    OS_EventTaskWait                         0x080086a3   Thumb Code   112  os_core.o(.text)
    OS_EventWaitListInit                     0x08008713   Thumb Code    28  os_core.o(.text)
    OS_MemCopy                               0x0800872f   Thumb Code    20  os_core.o(.text)
    OS_StrLen                                0x08008743   Thumb Code    20  os_core.o(.text)
    OS_TCBInit                               0x08008757   Thumb Code   294  os_core.o(.text)
    OSFlagAccept                             0x080088b5   Thumb Code   268  os_flag.o(.text)
    OSFlagCreate                             0x080089c1   Thumb Code    92  os_flag.o(.text)
    OS_FlagUnlink                            0x08008a1d   Thumb Code    36  os_flag.o(.text)
    OSFlagDel                                0x08008aa1   Thumb Code   230  os_flag.o(.text)
    OSFlagNameGet                            0x08008b87   Thumb Code   106  os_flag.o(.text)
    OSFlagNameSet                            0x08008bf1   Thumb Code    86  os_flag.o(.text)
    OSFlagPend                               0x08008cdf   Thumb Code   630  os_flag.o(.text)
    OSFlagPendGetFlagsRdy                    0x08008f55   Thumb Code    26  os_flag.o(.text)
    OSFlagPost                               0x08008f6f   Thumb Code   326  os_flag.o(.text)
    OSFlagQuery                              0x080090b5   Thumb Code    64  os_flag.o(.text)
    OS_FlagInit                              0x080090f5   Thumb Code    66  os_flag.o(.text)
    OSMemCreate                              0x08009145   Thumb Code   164  os_mem.o(.text)
    OSMemGet                                 0x080091e9   Thumb Code    78  os_mem.o(.text)
    OSMemNameGet                             0x08009237   Thumb Code    86  os_mem.o(.text)
    OSMemNameSet                             0x0800928d   Thumb Code    68  os_mem.o(.text)
    OSMemPut                                 0x080092d1   Thumb Code    66  os_mem.o(.text)
    OSMemQuery                               0x08009313   Thumb Code    64  os_mem.o(.text)
    OS_MemInit                               0x08009353   Thumb Code    60  os_mem.o(.text)
    OSMutexAccept                            0x080093a1   Thumb Code   152  os_mutex.o(.text)
    OSMutexCreate                            0x08009439   Thumb Code   152  os_mutex.o(.text)
    OSMutexDel                               0x08009545   Thumb Code   282  os_mutex.o(.text)
    OSMutexPend                              0x0800965f   Thumb Code   598  os_mutex.o(.text)
    OSMutexPost                              0x080098b5   Thumb Code   192  os_mutex.o(.text)
    OSMutexQuery                             0x08009975   Thumb Code   130  os_mutex.o(.text)
    OSQAccept                                0x08009a09   Thumb Code   104  os_q.o(.text)
    OSQCreate                                0x08009a71   Thumb Code   140  os_q.o(.text)
    OSQDel                                   0x08009afd   Thumb Code   252  os_q.o(.text)
    OSQFlush                                 0x08009bf9   Thumb Code    52  os_q.o(.text)
    OSQPend                                  0x08009c2d   Thumb Code   288  os_q.o(.text)
    OSQPendAbort                             0x08009d4d   Thumb Code   144  os_q.o(.text)
    OSQPost                                  0x08009ddd   Thumb Code   120  os_q.o(.text)
    OSQPostFront                             0x08009e55   Thumb Code   144  os_q.o(.text)
    OSQPostOpt                               0x08009ee5   Thumb Code   188  os_q.o(.text)
    OSQQuery                                 0x08009fa1   Thumb Code   112  os_q.o(.text)
    OS_QInit                                 0x0800a011   Thumb Code    46  os_q.o(.text)
    OSSemAccept                              0x0800a049   Thumb Code    48  os_sem.o(.text)
    OSSemCreate                              0x0800a079   Thumb Code    68  os_sem.o(.text)
    OSSemDel                                 0x0800a0bd   Thumb Code   216  os_sem.o(.text)
    OSSemPend                                0x0800a195   Thumb Code   234  os_sem.o(.text)
    OSSemPendAbort                           0x0800a27f   Thumb Code   144  os_sem.o(.text)
    OSSemPost                                0x0800a30f   Thumb Code    94  os_sem.o(.text)
    OSSemQuery                               0x0800a36d   Thumb Code    96  os_sem.o(.text)
    OSSemSet                                 0x0800a3cd   Thumb Code    78  os_sem.o(.text)
    OSTaskChangePrio                         0x0800a42d   Thumb Code   344  os_task.o(.text)
    OSTaskCreate                             0x0800a585   Thumb Code   156  os_task.o(.text)
    OS_TaskStkClr                            0x0800a621   Thumb Code    26  os_task.o(.text)
    OSTaskCreateExt                          0x0800a63b   Thumb Code   178  os_task.o(.text)
    OSTaskDel                                0x0800a6ed   Thumb Code   306  os_task.o(.text)
    OSTaskDelReq                             0x0800a81f   Thumb Code   156  os_task.o(.text)
    OSTaskNameGet                            0x0800a8bb   Thumb Code   146  os_task.o(.text)
    OSTaskNameSet                            0x0800a94d   Thumb Code   124  os_task.o(.text)
    OSTaskResume                             0x0800a9c9   Thumb Code   168  os_task.o(.text)
    OSTaskStkChk                             0x0800aa71   Thumb Code   150  os_task.o(.text)
    OSTaskSuspend                            0x0800ab07   Thumb Code   172  os_task.o(.text)
    OSTaskQuery                              0x0800abb3   Thumb Code   100  os_task.o(.text)
    OSTaskRegGet                             0x0800ac17   Thumb Code   110  os_task.o(.text)
    OSTaskRegSet                             0x0800ac85   Thumb Code    84  os_task.o(.text)
    OS_TaskReturn                            0x0800acd9   Thumb Code    18  os_task.o(.text)
    OSTimeDly                                0x0800acf5   Thumb Code    92  os_time.o(.text)
    OSTimeDlyHMSM                            0x0800ad51   Thumb Code   116  os_time.o(.text)
    OSTimeDlyResume                          0x0800adc5   Thumb Code   176  os_time.o(.text)
    OSTimeGet                                0x0800ae75   Thumb Code    24  os_time.o(.text)
    OSTimeSet                                0x0800ae8d   Thumb Code    24  os_time.o(.text)
    lwip_htons                               0x0800aebd   Thumb Code    12  def.o(.text)
    lwip_ntohs                               0x0800aec9   Thumb Code    12  def.o(.text)
    lwip_htonl                               0x0800aed5   Thumb Code    26  def.o(.text)
    lwip_ntohl                               0x0800aeef   Thumb Code    12  def.o(.text)
    lwip_init                                0x0800aefb   Thumb Code    36  init.o(.text)
    mem_init                                 0x0800af9d   Thumb Code   100  mem.o(.text)
    mem_free                                 0x0800b001   Thumb Code   124  mem.o(.text)
    mem_trim                                 0x0800b07d   Thumb Code   322  mem.o(.text)
    mem_malloc                               0x0800b1bf   Thumb Code   394  mem.o(.text)
    mem_calloc                               0x0800b349   Thumb Code    34  mem.o(.text)
    memp_init                                0x0800b36d   Thumb Code   136  memp.o(.text)
    memp_malloc                              0x0800b3f5   Thumb Code   156  memp.o(.text)
    memp_free                                0x0800b491   Thumb Code    58  memp.o(.text)
    netif_init                               0x0800b4e1   Thumb Code     2  netif.o(.text)
    netif_set_gw                             0x0800b4e3   Thumb Code    12  netif.o(.text)
    netif_set_netmask                        0x0800b4ef   Thumb Code    12  netif.o(.text)
    netif_set_ipaddr                         0x0800b4fb   Thumb Code   110  netif.o(.text)
    netif_set_addr                           0x0800b569   Thumb Code    40  netif.o(.text)
    netif_add                                0x0800b591   Thumb Code   100  netif.o(.text)
    netif_set_default                        0x0800b5f5   Thumb Code     6  netif.o(.text)
    netif_set_down                           0x0800b5fb   Thumb Code    42  netif.o(.text)
    netif_remove                             0x0800b625   Thumb Code    90  netif.o(.text)
    netif_find                               0x0800b67f   Thumb Code    64  netif.o(.text)
    netif_set_up                             0x0800b6bf   Thumb Code    54  netif.o(.text)
    netif_set_link_up                        0x0800b6f5   Thumb Code    54  netif.o(.text)
    netif_set_link_down                      0x0800b72b   Thumb Code    24  netif.o(.text)
    pbuf_free                                0x0800b7b1   Thumb Code   134  pbuf.o(.text)
    pbuf_alloc                               0x0800b837   Thumb Code   418  pbuf.o(.text)
    pbuf_alloced_custom                      0x0800b9d9   Thumb Code   108  pbuf.o(.text)
    pbuf_realloc                             0x0800ba45   Thumb Code   120  pbuf.o(.text)
    pbuf_header                              0x0800babd   Thumb Code   140  pbuf.o(.text)
    pbuf_clen                                0x0800bb49   Thumb Code    18  pbuf.o(.text)
    pbuf_ref                                 0x0800bb5b   Thumb Code    10  pbuf.o(.text)
    pbuf_cat                                 0x0800bb65   Thumb Code    56  pbuf.o(.text)
    pbuf_chain                               0x0800bb9d   Thumb Code    22  pbuf.o(.text)
    pbuf_dechain                             0x0800bbb3   Thumb Code    56  pbuf.o(.text)
    pbuf_copy                                0x0800bbeb   Thumb Code   192  pbuf.o(.text)
    pbuf_copy_partial                        0x0800bcab   Thumb Code   146  pbuf.o(.text)
    pbuf_take                                0x0800bd3d   Thumb Code   116  pbuf.o(.text)
    pbuf_coalesce                            0x0800bdb1   Thumb Code    60  pbuf.o(.text)
    pbuf_get_at                              0x0800bded   Thumb Code    46  pbuf.o(.text)
    pbuf_memcmp                              0x0800be1b   Thumb Code    96  pbuf.o(.text)
    pbuf_memfind                             0x0800be7b   Thumb Code    76  pbuf.o(.text)
    pbuf_strstr                              0x0800bec7   Thumb Code    60  pbuf.o(.text)
    raw_input                                0x0800bf05   Thumb Code   102  raw.o(.text)
    raw_bind                                 0x0800bf6b   Thumb Code    16  raw.o(.text)
    raw_connect                              0x0800bf7b   Thumb Code    16  raw.o(.text)
    raw_recv                                 0x0800bf8b   Thumb Code     6  raw.o(.text)
    raw_sendto                               0x0800bf91   Thumb Code   158  raw.o(.text)
    raw_send                                 0x0800c02f   Thumb Code    18  raw.o(.text)
    raw_remove                               0x0800c041   Thumb Code    60  raw.o(.text)
    raw_new                                  0x0800c07d   Thumb Code    42  raw.o(.text)
    stats_init                               0x0800c0b5   Thumb Code     2  stats.o(.text)
    tcp_init                                 0x0800c0b9   Thumb Code     2  tcp.o(.text)
    tcp_seg_free                             0x0800c0bb   Thumb Code    26  tcp.o(.text)
    tcp_segs_free                            0x0800c0d5   Thumb Code    24  tcp.o(.text)
    tcp_pcb_purge                            0x0800c0ed   Thumb Code    72  tcp.o(.text)
    tcp_slowtmr                              0x0800c135   Thumb Code   836  tcp.o(.text)
    tcp_pcb_remove                           0x0800c479   Thumb Code   144  tcp.o(.text)
    tcp_close                                0x0800c6e3   Thumb Code    28  tcp.o(.text)
    tcp_update_rcv_ann_wnd                   0x0800c6ff   Thumb Code    78  tcp.o(.text)
    tcp_recved                               0x0800c74d   Thumb Code    70  tcp.o(.text)
    tcp_recv_null                            0x0800c793   Thumb Code    46  tcp.o(.text)
    tcp_process_refused_data                 0x0800c7c1   Thumb Code   144  tcp.o(.text)
    tcp_fasttmr                              0x0800c851   Thumb Code   110  tcp.o(.text)
    tcp_tmr                                  0x0800c8bf   Thumb Code    30  tcp.o(.text)
    tcp_shutdown                             0x0800c8dd   Thumb Code    98  tcp.o(.text)
    tcp_abandon                              0x0800c93f   Thumb Code   180  tcp.o(.text)
    tcp_abort                                0x0800c9f3   Thumb Code    14  tcp.o(.text)
    tcp_bind                                 0x0800ca61   Thumb Code   142  tcp.o(.text)
    tcp_listen_with_backlog                  0x0800caf7   Thumb Code   198  tcp.o(.text)
    tcp_eff_send_mss                         0x0800cbbd   Thumb Code    46  tcp.o(.text)
    tcp_next_iss                             0x0800cbeb   Thumb Code    20  tcp.o(.text)
    tcp_connect                              0x0800cbff   Thumb Code   328  tcp.o(.text)
    tcp_setprio                              0x0800cd47   Thumb Code     4  tcp.o(.text)
    tcp_seg_copy                             0x0800cd4b   Thumb Code    36  tcp.o(.text)
    tcp_alloc                                0x0800ce17   Thumb Code   226  tcp.o(.text)
    tcp_new                                  0x0800cef9   Thumb Code    10  tcp.o(.text)
    tcp_arg                                  0x0800cf03   Thumb Code     4  tcp.o(.text)
    tcp_recv                                 0x0800cf07   Thumb Code    10  tcp.o(.text)
    tcp_sent                                 0x0800cf11   Thumb Code     8  tcp.o(.text)
    tcp_err                                  0x0800cf19   Thumb Code    10  tcp.o(.text)
    tcp_accept                               0x0800cf23   Thumb Code     4  tcp.o(.text)
    tcp_poll                                 0x0800cf27   Thumb Code    14  tcp.o(.text)
    tcp_debug_state_str                      0x0800cf35   Thumb Code    10  tcp.o(.text)
    tcp_input                                0x0800e1b9   Thumb Code  1306  tcp_in.o(.text)
    tcp_enqueue_flags                        0x0800e839   Thumb Code   336  tcp_out.o(.text)
    tcp_send_fin                             0x0800e989   Thumb Code    74  tcp_out.o(.text)
    tcp_write                                0x0800eacb   Thumb Code   924  tcp_out.o(.text)
    tcp_send_empty_ack                       0x0800ee67   Thumb Code    96  tcp_out.o(.text)
    tcp_output                               0x0800efb3   Thumb Code   444  tcp_out.o(.text)
    tcp_rst                                  0x0800f16f   Thumb Code   156  tcp_out.o(.text)
    tcp_rexmit_rto                           0x0800f20b   Thumb Code    70  tcp_out.o(.text)
    tcp_rexmit                               0x0800f251   Thumb Code    90  tcp_out.o(.text)
    tcp_rexmit_fast                          0x0800f2ab   Thumb Code   112  tcp_out.o(.text)
    tcp_keepalive                            0x0800f31b   Thumb Code   100  tcp_out.o(.text)
    tcp_zero_window_probe                    0x0800f37f   Thumb Code   196  tcp_out.o(.text)
    sys_timeout                              0x0800f449   Thumb Code   152  timers.o(.text)
    tcp_timer_needed                         0x0800f509   Thumb Code    38  timers.o(.text)
    sys_timeouts_init                        0x0800f55b   Thumb Code    28  timers.o(.text)
    sys_untimeout                            0x0800f577   Thumb Code    90  timers.o(.text)
    sys_timeouts_mbox_fetch                  0x0800f5d1   Thumb Code   132  timers.o(.text)
    udp_init                                 0x0800f671   Thumb Code     2  udp.o(.text)
    udp_input                                0x0800f6c3   Thumb Code   564  udp.o(.text)
    udp_bind                                 0x0800f8f7   Thumb Code   122  udp.o(.text)
    udp_sendto_if                            0x0800f971   Thumb Code   280  udp.o(.text)
    udp_sendto                               0x0800fa89   Thumb Code    62  udp.o(.text)
    udp_send                                 0x0800fac7   Thumb Code    20  udp.o(.text)
    udp_connect                              0x0800fadb   Thumb Code    94  udp.o(.text)
    udp_disconnect                           0x0800fb39   Thumb Code    16  udp.o(.text)
    udp_recv                                 0x0800fb49   Thumb Code     6  udp.o(.text)
    udp_remove                               0x0800fb4f   Thumb Code    60  udp.o(.text)
    udp_new                                  0x0800fb8b   Thumb Code    28  udp.o(.text)
    icmp_input                               0x0800fbb1   Thumb Code   496  icmp.o(.text)
    icmp_dest_unreach                        0x0800fe1f   Thumb Code    18  icmp.o(.text)
    icmp_time_exceeded                       0x0800fe31   Thumb Code    18  icmp.o(.text)
    inet_chksum_pseudo                       0x0800feaf   Thumb Code   162  inet_chksum.o(.text)
    inet_chksum_pseudo_partial               0x0800ff51   Thumb Code   184  inet_chksum.o(.text)
    inet_chksum                              0x08010009   Thumb Code    20  inet_chksum.o(.text)
    inet_chksum_pbuf                         0x0801001d   Thumb Code    86  inet_chksum.o(.text)
    ip_route                                 0x08010075   Thumb Code    92  ip.o(.text)
    ip_input                                 0x080100d1   Thumb Code   548  ip.o(.text)
    ip_output_if                             0x080102f5   Thumb Code   286  ip.o(.text)
    ip_output                                0x08010413   Thumb Code   106  ip.o(.text)
    ip4_addr_isbroadcast                     0x0801047d   Thumb Code    78  ip_addr.o(.text)
    ip4_addr_netmask_valid                   0x080104cb   Thumb Code    52  ip_addr.o(.text)
    ipaddr_aton                              0x080104ff   Thumb Code   348  ip_addr.o(.text)
    ipaddr_addr                              0x0801065b   Thumb Code    24  ip_addr.o(.text)
    ipaddr_ntoa_r                            0x08010673   Thumb Code   168  ip_addr.o(.text)
    ipaddr_ntoa                              0x0801071b   Thumb Code    16  ip_addr.o(.text)
    ip_reass_tmr                             0x080107f5   Thumb Code    48  ip_frag.o(.text)
    ip_reass                                 0x08010a57   Thumb Code   468  ip_frag.o(.text)
    ip_frag                                  0x08010c67   Thumb Code   434  ip_frag.o(.text)
    netconn_new_with_proto_and_callback      0x08010e25   Thumb Code    90  api_lib.o(.text)
    netconn_delete                           0x08010e7f   Thumb Code    36  api_lib.o(.text)
    netconn_getaddr                          0x08010ea3   Thumb Code    96  api_lib.o(.text)
    netconn_bind                             0x08010f03   Thumb Code    64  api_lib.o(.text)
    netconn_connect                          0x08010f43   Thumb Code    64  api_lib.o(.text)
    netconn_disconnect                       0x08010f83   Thumb Code    54  api_lib.o(.text)
    netconn_listen_with_backlog              0x08010fb9   Thumb Code    56  api_lib.o(.text)
    netconn_accept                           0x08010ff1   Thumb Code   166  api_lib.o(.text)
    netconn_recv_tcp_pbuf                    0x08011195   Thumb Code    34  api_lib.o(.text)
    netconn_recv                             0x080111b7   Thumb Code   190  api_lib.o(.text)
    netconn_recved                           0x08011275   Thumb Code    46  api_lib.o(.text)
    netconn_send                             0x080112a3   Thumb Code    58  api_lib.o(.text)
    netconn_sendto                           0x080112dd   Thumb Code    44  api_lib.o(.text)
    netconn_write_partly                     0x08011309   Thumb Code   154  api_lib.o(.text)
    netconn_close                            0x080113df   Thumb Code    14  api_lib.o(.text)
    netconn_shutdown                         0x080113ed   Thumb Code    36  api_lib.o(.text)
    netconn_free                             0x08011a3b   Thumb Code    38  api_msg.o(.text)
    netconn_alloc                            0x08011a61   Thumb Code   114  api_msg.o(.text)
    do_newconn                               0x08011c13   Thumb Code    32  api_msg.o(.text)
    do_delconn                               0x08011cd5   Thumb Code   230  api_msg.o(.text)
    do_bind                                  0x08011dbb   Thumb Code   116  api_msg.o(.text)
    do_connect                               0x08011ebd   Thumb Code   210  api_msg.o(.text)
    do_disconnect                            0x08011f8f   Thumb Code    46  api_msg.o(.text)
    do_listen                                0x08011fbd   Thumb Code   198  api_msg.o(.text)
    do_send                                  0x08012083   Thumb Code   166  api_msg.o(.text)
    do_recv                                  0x08012129   Thumb Code    72  api_msg.o(.text)
    do_write                                 0x08012171   Thumb Code   110  api_msg.o(.text)
    do_getaddr                               0x080121df   Thumb Code   178  api_msg.o(.text)
    do_close                                 0x08012291   Thumb Code   128  api_msg.o(.text)
    netbuf_new                               0x08012311   Thumb Code    30  netbuf.o(.text)
    netbuf_delete                            0x0801232f   Thumb Code    32  netbuf.o(.text)
    netbuf_alloc                             0x0801234f   Thumb Code    60  netbuf.o(.text)
    netbuf_free                              0x0801238b   Thumb Code    32  netbuf.o(.text)
    netbuf_ref                               0x080123ab   Thumb Code    74  netbuf.o(.text)
    netbuf_chain                             0x080123f5   Thumb Code    46  netbuf.o(.text)
    netbuf_data                              0x08012423   Thumb Code    64  netbuf.o(.text)
    netbuf_next                              0x08012463   Thumb Code    46  netbuf.o(.text)
    netbuf_first                             0x08012491   Thumb Code    16  netbuf.o(.text)
    tcpip_input                              0x0801255b   Thumb Code    72  tcpip.o(.text)
    tcpip_callback_with_block                0x080125a3   Thumb Code    90  tcpip.o(.text)
    tcpip_timeout                            0x080125fd   Thumb Code    64  tcpip.o(.text)
    tcpip_untimeout                          0x0801263d   Thumb Code    56  tcpip.o(.text)
    tcpip_apimsg                             0x08012675   Thumb Code    56  tcpip.o(.text)
    tcpip_callbackmsg_new                    0x080126ad   Thumb Code    32  tcpip.o(.text)
    tcpip_callbackmsg_delete                 0x080126cd   Thumb Code    14  tcpip.o(.text)
    tcpip_trycallback                        0x080126db   Thumb Code    28  tcpip.o(.text)
    tcpip_init                               0x080126f7   Thumb Code    50  tcpip.o(.text)
    pbuf_free_callback                       0x08012737   Thumb Code    16  tcpip.o(.text)
    mem_free_callback                        0x08012747   Thumb Code    16  tcpip.o(.text)
    etharp_tmr                               0x080127bb   Thumb Code   136  etharp.o(.text)
    etharp_cleanup_netif                     0x08012a89   Thumb Code    52  etharp.o(.text)
    etharp_find_addr                         0x08012abd   Thumb Code    82  etharp.o(.text)
    etharp_request                           0x08012d27   Thumb Code    36  etharp.o(.text)
    etharp_query                             0x08012db3   Thumb Code   364  etharp.o(.text)
    etharp_output                            0x08012f1f   Thumb Code   360  etharp.o(.text)
    ethernet_input                           0x08013087   Thumb Code   222  etharp.o(.text)
    ethernetif_input                         0x080132a1   Thumb Code    44  ethernetif.o(.text)
    ethernetif_init                          0x080132cd   Thumb Code    38  ethernetif.o(.text)
    LwIP_Pkt_Handle                          0x080132f3   Thumb Code    18  ethernetif.o(.text)
    sys_init                                 0x0801332d   Thumb Code     2  sys_arch.o(.text)
    sys_sem_new                              0x0801332f   Thumb Code    40  sys_arch.o(.text)
    sys_sem_free                             0x08013357   Thumb Code    40  sys_arch.o(.text)
    sys_arch_sem_wait                        0x0801337f   Thumb Code    98  sys_arch.o(.text)
    sys_sem_signal                           0x080133e1   Thumb Code    34  sys_arch.o(.text)
    sys_mbox_new                             0x08013403   Thumb Code    60  sys_arch.o(.text)
    sys_mbox_free                            0x0801343f   Thumb Code    40  sys_arch.o(.text)
    sys_mbox_post                            0x08013467   Thumb Code   122  sys_arch.o(.text)
    sys_mbox_trypost                         0x080134e1   Thumb Code   112  sys_arch.o(.text)
    sys_arch_mbox_fetch                      0x08013551   Thumb Code   238  sys_arch.o(.text)
    sys_arch_mbox_tryfetch                   0x0801363f   Thumb Code   148  sys_arch.o(.text)
    sys_thread_new                           0x080136d3   Thumb Code   100  sys_arch.o(.text)
    __2printf                                0x080138ad   Thumb Code    20  noretval__2printf.o(.text)
    _printf_pre_padding                      0x080138c5   Thumb Code    46  _printf_pad.o(.text)
    _printf_post_padding                     0x080138f3   Thumb Code    36  _printf_pad.o(.text)
    _printf_int_dec                          0x08013919   Thumb Code   102  _printf_dec.o(.text)
    _printf_int_hex                          0x08013991   Thumb Code    88  _printf_hex_int.o(.text)
    _printf_longlong_hex                     0x08013991   Thumb Code     0  _printf_hex_int.o(.text)
    __printf                                 0x080139ed   Thumb Code   310  __printf_flags_wp.o(.text)
    putc                                     0x08013b29   Thumb Code     4  putc.o(.text)
    memcmp                                   0x08013b2d   Thumb Code    88  memcmp.o(.text)
    strlen                                   0x08013b85   Thumb Code    62  strlen.o(.text)
    __aeabi_memcpy                           0x08013bc3   Thumb Code     0  rt_memcpy_v6.o(.text)
    __rt_memcpy                              0x08013bc3   Thumb Code   138  rt_memcpy_v6.o(.text)
    _memcpy_lastbytes                        0x08013c29   Thumb Code     0  rt_memcpy_v6.o(.text)
    __aeabi_memcpy4                          0x08013c4d   Thumb Code     0  rt_memcpy_w.o(.text)
    __aeabi_memcpy8                          0x08013c4d   Thumb Code     0  rt_memcpy_w.o(.text)
    __rt_memcpy_w                            0x08013c4d   Thumb Code   100  rt_memcpy_w.o(.text)
    _memcpy_lastbytes_aligned                0x08013c95   Thumb Code     0  rt_memcpy_w.o(.text)
    __aeabi_memclr                           0x08013cb1   Thumb Code     0  rt_memclr.o(.text)
    __rt_memclr                              0x08013cb1   Thumb Code    68  rt_memclr.o(.text)
    _memset                                  0x08013cb5   Thumb Code     0  rt_memclr.o(.text)
    __aeabi_memclr4                          0x08013cf5   Thumb Code     0  rt_memclr_w.o(.text)
    __aeabi_memclr8                          0x08013cf5   Thumb Code     0  rt_memclr_w.o(.text)
    __rt_memclr_w                            0x08013cf5   Thumb Code    78  rt_memclr_w.o(.text)
    _memset_w                                0x08013cf9   Thumb Code     0  rt_memclr_w.o(.text)
    __use_two_region_memory                  0x08013d43   Thumb Code     2  heapauxi.o(.text)
    __rt_heap_escrow$2region                 0x08013d45   Thumb Code     2  heapauxi.o(.text)
    __rt_heap_expand$2region                 0x08013d47   Thumb Code     2  heapauxi.o(.text)
    _printf_int_common                       0x08013d49   Thumb Code   184  _printf_intcommon.o(.text)
    _printf_char_file                        0x08013e01   Thumb Code    32  _printf_char_file.o(.text)
    _printf_char_common                      0x08013e2f   Thumb Code    32  _printf_char_common.o(.text)
    __user_setup_stackheap                   0x08013e55   Thumb Code    74  sys_stackheap_outer.o(.text)
    exit                                     0x08013e9f   Thumb Code    12  exit.o(.text)
    __user_libspace                          0x08013ead   Thumb Code     8  libspace.o(.text)
    __user_perproc_libspace                  0x08013ead   Thumb Code     0  libspace.o(.text)
    __user_perthread_libspace                0x08013ead   Thumb Code     0  libspace.o(.text)
    _is_digit                                0x08013eb5   Thumb Code    14  __printf_wp.o(i._is_digit)
    OSUnMapTbl                               0x08013f28   Data         256  os_core.o(.constdata)
    tcp_state_str                            0x08014060   Data          44  tcp.o(.constdata)
    tcp_backoff                              0x0801408c   Data          13  tcp.o(.constdata)
    tcp_persist_backoff                      0x08014099   Data           7  tcp.o(.constdata)
    tcp_pcb_lists                            0x080140a0   Data          16  tcp.o(.constdata)
    ethbroadcast                             0x080140b0   Data           6  etharp.o(.constdata)
    ethzero                                  0x080140b6   Data           6  etharp.o(.constdata)
    Region$$Table$$Base                      0x08014160   Number         0  anon$$obj.o(Region$$Table)
    Region$$Table$$Limit                     0x08014180   Number         0  anon$$obj.o(Region$$Table)
    order_netconn                            0x20000014   Data           4  netconf.o(.data)
    EEPROM_ADDRESS                           0x20000018   Data           2  i2c_ee.o(.data)
    system_tick_num                          0x2000001c   Data           4  main.o(.data)
    step                                     0x20000020   Data           1  main.o(.data)
    num_order                                0x20000021   Data           1  main.o(.data)
    status_order                             0x20000022   Data           1  main.o(.data)
    Recon_To_Server_Sem                      0x20000024   Data           4  main.o(.data)
    Print_Sem                                0x20000028   Data           4  main.o(.data)
    Print_Queue_Sem                          0x2000002c   Data           4  main.o(.data)
    Block_1K_Sem                             0x20000030   Data           4  main.o(.data)
    Block_2K_Sem                             0x20000034   Data           4  main.o(.data)
    Block_4K_Sem                             0x20000038   Data           4  main.o(.data)
    Block_10K_Sem                            0x2000003c   Data           4  main.o(.data)
    Batch_Rec_Sem                            0x20000040   Data           4  main.o(.data)
    Ack_Rec_Order_Sem                        0x20000044   Data           4  main.o(.data)
    Ack_Rec_Printer_Sem                      0x20000048   Data           4  main.o(.data)
    Local_Send_Data_Mutex                    0x2000004c   Data           4  main.o(.data)
    Wifi_Send_Data_Mutex                     0x20000050   Data           4  main.o(.data)
    Printer_Status_Rec_Sem                   0x20000054   Data           4  main.o(.data)
    Print_Done_Sem                           0x20000058   Data           4  main.o(.data)
    Local_Rec_Data_Sem                       0x2000005c   Data           4  main.o(.data)
    Wifi_Rec_Data_Sem                        0x20000060   Data           4  main.o(.data)
    Capacity_Change_Sem                      0x20000064   Data           4  main.o(.data)
    Rec_Wifi_Req_Sem                         0x20000068   Data           4  main.o(.data)
    Mesg_Queue                               0x2000006c   Data           4  main.o(.data)
    queue_1K                                 0x20000070   Data           4  main.o(.data)
    queue_2K                                 0x20000074   Data           4  main.o(.data)
    queue_4K                                 0x20000078   Data           4  main.o(.data)
    queue_10K                                0x2000007c   Data           4  main.o(.data)
    portSelect                               0x200000a0   Data          16  printerexception.o(.data)
    MesgQueIndex                             0x200000b0   Data           4  status_mesg.o(.data)
    __stdout                                 0x200000b4   Data           4  stm32f207_init.o(.data)
    __stdin                                  0x200000b8   Data           4  stm32f207_init.o(.data)
    SystemCoreClock                          0x200000c4   Data           4  system_stm32f2xx.o(.data)
    AHBPrescTable                            0x200000c8   Data          16  system_stm32f2xx.o(.data)
    DMATxDescToSet                           0x200000e8   Data           4  stm32f2x7_eth.o(.data)
    DMARxDescToGet                           0x200000ec   Data           4  stm32f2x7_eth.o(.data)
    DMA_RX_FRAME_infos                       0x200000f0   Data           4  stm32f2x7_eth.o(.data)
    Frame_Rx_index                           0x200000f4   Data           4  stm32f2x7_eth.o(.data)
    OSCtxSwCtr                               0x200000f8   Data           4  os_core.o(.data)
    OSEventFreeList                          0x200000fc   Data           4  os_core.o(.data)
    OSFlagFreeList                           0x20000100   Data           4  os_core.o(.data)
    OSCPUUsage                               0x20000104   Data           1  os_core.o(.data)
    OSIdleCtrMax                             0x20000108   Data           4  os_core.o(.data)
    OSIdleCtrRun                             0x2000010c   Data           4  os_core.o(.data)
    OSStatRdy                                0x20000110   Data           1  os_core.o(.data)
    OSIntNesting                             0x20000111   Data           1  os_core.o(.data)
    OSLockNesting                            0x20000112   Data           1  os_core.o(.data)
    OSPrioCur                                0x20000113   Data           1  os_core.o(.data)
    OSPrioHighRdy                            0x20000114   Data           1  os_core.o(.data)
    OSRdyGrp                                 0x20000115   Data           1  os_core.o(.data)
    OSRunning                                0x20000116   Data           1  os_core.o(.data)
    OSTaskCtr                                0x20000117   Data           1  os_core.o(.data)
    OSIdleCtr                                0x20000118   Data           4  os_core.o(.data)
    OSTCBCur                                 0x2000011c   Data           4  os_core.o(.data)
    OSTCBFreeList                            0x20000120   Data           4  os_core.o(.data)
    OSTCBHighRdy                             0x20000124   Data           4  os_core.o(.data)
    OSTCBList                                0x20000128   Data           4  os_core.o(.data)
    OSTickStepState                          0x2000012c   Data           1  os_core.o(.data)
    OSMemFreeList                            0x20000130   Data           4  os_core.o(.data)
    OSQFreeList                              0x20000134   Data           4  os_core.o(.data)
    OSTime                                   0x20000138   Data           4  os_core.o(.data)
    netif_list                               0x2000014c   Data           4  netif.o(.data)
    netif_default                            0x20000150   Data           4  netif.o(.data)
    pbuf_free_ooseq_pending                  0x20000155   Data           1  pbuf.o(.data)
    tcp_ticks                                0x20000164   Data           4  tcp.o(.data)
    tcp_bound_pcbs                           0x20000168   Data           4  tcp.o(.data)
    tcp_listen_pcbs                          0x2000016c   Data           4  tcp.o(.data)
    tcp_active_pcbs                          0x20000170   Data           4  tcp.o(.data)
    tcp_tw_pcbs                              0x20000174   Data           4  tcp.o(.data)
    tcp_tmp_pcb                              0x20000178   Data           4  tcp.o(.data)
    tcp_active_pcbs_changed                  0x2000017c   Data           1  tcp.o(.data)
    tcp_input_pcb                            0x2000019c   Data           4  tcp_in.o(.data)
    udp_pcbs                                 0x200001ac   Data           4  udp.o(.data)
    current_netif                            0x200001b0   Data           4  ip.o(.data)
    current_header                           0x200001b4   Data           4  ip.o(.data)
    current_iphdr_src                        0x200001b8   Data           4  ip.o(.data)
    current_iphdr_dest                       0x200001bc   Data           4  ip.o(.data)
    DM9161_netif                             0x200001f4   Data          48  netconf.o(.bss)
    block_1K                                 0x20003224   Data        4096  main.o(.bss)
    block_2K                                 0x20004224   Data        6144  main.o(.bss)
    block_4K                                 0x20005a24   Data       12288  main.o(.bss)
    block_10K                                0x20008a24   Data       10240  main.o(.bss)
    heap                                     0x2000b224   Data         612  main.o(.bss)
    PCMgr                                    0x2000b488   Data          92  print_cells.o(.bss)
    order_print_table                        0x2000b4f0   Data         376  print_queue.o(.bss)
    batch_info_table                         0x2000b668   Data         160  print_queue.o(.bss)
    Qbuf                                     0x2000b708   Data       10240  queue_buf.o(.bss)
    Ubuf                                     0x2000df08   Data       10240  queue_buf.o(.bss)
    UsBuf                                    0x20010708   Data       10240  queue_buf.o(.bss)
    UsWifiBuf                                0x20012f08   Data       11264  queue_buf.o(.bss)
    queue_buf                                0x20015b08   Data          24  queue_buf.o(.bss)
    urgent_buf                               0x20015b20   Data          24  queue_buf.o(.bss)
    usart_buf                                0x20015b38   Data          24  queue_buf.o(.bss)
    wifi_buf                                 0x20015b50   Data          24  queue_buf.o(.bss)
    MesgQueArray                             0x20015b68   Data          80  status_mesg.o(.bss)
    MesgQueBuf                               0x20015bb8   Data         400  status_mesg.o(.bss)
    DMARxDscrTab                             0x20015d48   Data         128  stm32f2x7_eth.o(.bss)
    DMATxDscrTab                             0x20015dc8   Data          64  stm32f2x7_eth.o(.bss)
    Rx_Buff                                  0x20015e08   Data        6096  stm32f2x7_eth.o(.bss)
    Tx_Buff                                  0x200175d8   Data        3048  stm32f2x7_eth.o(.bss)
    RX_Frame_Descriptor                      0x200181c0   Data          12  stm32f2x7_eth.o(.bss)
    OSEventTbl                               0x200181cc   Data        1408  os_core.o(.bss)
    OSFlagTbl                                0x2001874c   Data         320  os_core.o(.bss)
    OSTaskStatStk                            0x2001888c   Data         512  os_core.o(.bss)
    OSRdyTbl                                 0x20018a8c   Data          32  os_core.o(.bss)
    OSTaskIdleStk                            0x20018aac   Data         512  os_core.o(.bss)
    OSTCBPrioTbl                             0x20018cac   Data         256  os_core.o(.bss)
    OSTCBTbl                                 0x20018dac   Data        1848  os_core.o(.bss)
    OSMemTbl                                 0x200194e4   Data         120  os_core.o(.bss)
    OSQTbl                                   0x2001955c   Data         240  os_core.o(.bss)
    ram_heap                                 0x2001964c   Data        3092  mem.o(.bss)
    lwip_stats                               0x2001dd04   Data         336  stats.o(.bss)
    LWIP_STK_AREA                            0x2001e0dc   Data        4096  sys_arch.o(.bss)
    __libspace_start                         0x2001f0dc   Data          96  libspace.o(.bss)
    __temporary_stack_top$libspace           0x2001f13c   Data           0  libspace.o(.bss)



==============================================================================

Memory Map of the image

  Image Entry point : 0x08000185

  Load Region LR_IROM1 (Base: 0x08000000, Size: 0x0001435c, Max: 0x00080000, ABSOLUTE, COMPRESSED[0x000141b8])

    Execution Region ER_IROM1 (Base: 0x08000000, Size: 0x00014180, Max: 0x00080000, ABSOLUTE)

    Base Addr    Size         Type   Attr      Idx    E Section Name        Object

    0x08000000   0x00000184   Data   RO          778    RESET               startup_stm32f2xx.o
    0x08000184   0x00000008   Code   RO         1788  * !!!main             c_w.l(__main.o)
    0x0800018c   0x00000034   Code   RO         1951    !!!scatter          c_w.l(__scatter.o)
    0x080001c0   0x0000005a   Code   RO         1949    !!dczerorl2         c_w.l(__dczerorl2.o)
    0x0800021a   0x00000002   PAD
    0x0800021c   0x0000001c   Code   RO         1953    !!handler_zi        c_w.l(__scatter_zi.o)
    0x08000238   0x00000000   Code   RO         1771    .ARM.Collect$$_printf_percent$$00000000  c_w.l(_printf_percent.o)
    0x08000238   0x00000006   Code   RO         1770    .ARM.Collect$$_printf_percent$$0000000A  c_w.l(_printf_u.o)
    0x0800023e   0x00000006   Code   RO         1769    .ARM.Collect$$_printf_percent$$0000000C  c_w.l(_printf_x.o)
    0x08000244   0x00000004   Code   RO         1795    .ARM.Collect$$_printf_percent$$00000017  c_w.l(_printf_percent_end.o)
    0x08000248   0x00000002   Code   RO         1824    .ARM.Collect$$libinit$$00000000  c_w.l(libinit.o)
    0x0800024a   0x00000000   Code   RO         1831    .ARM.Collect$$libinit$$00000002  c_w.l(libinit2.o)
    0x0800024a   0x00000000   Code   RO         1834    .ARM.Collect$$libinit$$00000008  c_w.l(libinit2.o)
    0x0800024a   0x00000000   Code   RO         1836    .ARM.Collect$$libinit$$0000000A  c_w.l(libinit2.o)
    0x0800024a   0x00000000   Code   RO         1838    .ARM.Collect$$libinit$$0000000C  c_w.l(libinit2.o)
    0x0800024a   0x00000000   Code   RO         1841    .ARM.Collect$$libinit$$0000000F  c_w.l(libinit2.o)
    0x0800024a   0x00000000   Code   RO         1843    .ARM.Collect$$libinit$$00000011  c_w.l(libinit2.o)
    0x0800024a   0x00000000   Code   RO         1845    .ARM.Collect$$libinit$$00000013  c_w.l(libinit2.o)
    0x0800024a   0x00000000   Code   RO         1847    .ARM.Collect$$libinit$$00000015  c_w.l(libinit2.o)
    0x0800024a   0x00000000   Code   RO         1849    .ARM.Collect$$libinit$$00000017  c_w.l(libinit2.o)
    0x0800024a   0x00000000   Code   RO         1851    .ARM.Collect$$libinit$$00000019  c_w.l(libinit2.o)
    0x0800024a   0x00000000   Code   RO         1853    .ARM.Collect$$libinit$$0000001B  c_w.l(libinit2.o)
    0x0800024a   0x00000000   Code   RO         1855    .ARM.Collect$$libinit$$0000001D  c_w.l(libinit2.o)
    0x0800024a   0x00000000   Code   RO         1857    .ARM.Collect$$libinit$$0000001F  c_w.l(libinit2.o)
    0x0800024a   0x00000000   Code   RO         1859    .ARM.Collect$$libinit$$00000021  c_w.l(libinit2.o)
    0x0800024a   0x00000000   Code   RO         1861    .ARM.Collect$$libinit$$00000023  c_w.l(libinit2.o)
    0x0800024a   0x00000000   Code   RO         1865    .ARM.Collect$$libinit$$0000002A  c_w.l(libinit2.o)
    0x0800024a   0x00000000   Code   RO         1867    .ARM.Collect$$libinit$$0000002C  c_w.l(libinit2.o)
    0x0800024a   0x00000000   Code   RO         1869    .ARM.Collect$$libinit$$0000002E  c_w.l(libinit2.o)
    0x0800024a   0x00000000   Code   RO         1871    .ARM.Collect$$libinit$$00000030  c_w.l(libinit2.o)
    0x0800024a   0x00000002   Code   RO         1872    .ARM.Collect$$libinit$$00000031  c_w.l(libinit2.o)
    0x0800024c   0x00000002   Code   RO         1890    .ARM.Collect$$libshutdown$$00000000  c_w.l(libshutdown.o)
    0x0800024e   0x00000000   Code   RO         1901    .ARM.Collect$$libshutdown$$00000003  c_w.l(libshutdown2.o)
    0x0800024e   0x00000000   Code   RO         1904    .ARM.Collect$$libshutdown$$00000006  c_w.l(libshutdown2.o)
    0x0800024e   0x00000000   Code   RO         1907    .ARM.Collect$$libshutdown$$00000009  c_w.l(libshutdown2.o)
    0x0800024e   0x00000000   Code   RO         1909    .ARM.Collect$$libshutdown$$0000000B  c_w.l(libshutdown2.o)
    0x0800024e   0x00000000   Code   RO         1912    .ARM.Collect$$libshutdown$$0000000E  c_w.l(libshutdown2.o)
    0x0800024e   0x00000002   Code   RO         1913    .ARM.Collect$$libshutdown$$0000000F  c_w.l(libshutdown2.o)
    0x08000250   0x00000000   Code   RO         1790    .ARM.Collect$$rtentry$$00000000  c_w.l(rtentry.o)
    0x08000250   0x00000000   Code   RO         1797    .ARM.Collect$$rtentry$$00000002  c_w.l(rtentry2.o)
    0x08000250   0x00000006   Code   RO         1809    .ARM.Collect$$rtentry$$00000004  c_w.l(rtentry4.o)
    0x08000256   0x00000000   Code   RO         1799    .ARM.Collect$$rtentry$$00000009  c_w.l(rtentry2.o)
    0x08000256   0x00000004   Code   RO         1800    .ARM.Collect$$rtentry$$0000000A  c_w.l(rtentry2.o)
    0x0800025a   0x00000000   Code   RO         1802    .ARM.Collect$$rtentry$$0000000C  c_w.l(rtentry2.o)
    0x0800025a   0x00000008   Code   RO         1803    .ARM.Collect$$rtentry$$0000000D  c_w.l(rtentry2.o)
    0x08000262   0x00000002   Code   RO         1828    .ARM.Collect$$rtexit$$00000000  c_w.l(rtexit.o)
    0x08000264   0x00000000   Code   RO         1874    .ARM.Collect$$rtexit$$00000002  c_w.l(rtexit2.o)
    0x08000264   0x00000004   Code   RO         1875    .ARM.Collect$$rtexit$$00000003  c_w.l(rtexit2.o)
    0x08000268   0x00000006   Code   RO         1876    .ARM.Collect$$rtexit$$00000004  c_w.l(rtexit2.o)
    0x0800026e   0x00000002   PAD
    0x08000270   0x000001f8   Code   RO            1    .text               stm32f2xx_it.o
    0x08000468   0x000005f8   Code   RO          320    .text               netconf.o
    0x08000a60   0x00000520   Code   RO          440    .text               i2c_ee.o
    0x08000f80   0x000007d0   Code   RO          458    .text               main.o
    0x08001750   0x000002d4   Code   RO          504    .text               analyze_data.o
    0x08001a24   0x000002c0   Code   RO          516    .text               compress.o
    0x08001ce4   0x00000554   Code   RO          539    .text               local_conf.o
    0x08002238   0x00000160   Code   RO          554    .text               more_infomation.o
    0x08002398   0x0000008a   Code   RO          566    .text               pack_data.o
    0x08002422   0x00000002   PAD
    0x08002424   0x0000019c   Code   RO          578    .text               print_bmp.o
    0x080025c0   0x00000530   Code   RO          590    .text               print_cells.o
    0x08002af0   0x00000cd0   Code   RO          611    .text               print_queue.o
    0x080037c0   0x00000550   Code   RO          633    .text               printerexception.o
    0x08003d10   0x00000338   Code   RO          651    .text               queue_buf.o
    0x08004048   0x00000754   Code   RO          670    .text               status_mesg.o
    0x0800479c   0x0000072c   Code   RO          690    .text               stm32f207_init.o
    0x08004ec8   0x00000838   Code   RO          719    .text               wifi_conf.o
    0x08005700   0x000001e0   Code   RO          734    .text               requestheap.o
    0x080058e0   0x000001e0   Code   RO          758    .text               system_stm32f2xx.o
    0x08005ac0   0x00000040   Code   RO          779    .text               startup_stm32f2xx.o
    0x08005b00   0x000000e4   Code   RO          783    .text               misc.o
    0x08005be4   0x000003a4   Code   RO          807    .text               stm32f2xx_dma.o
    0x08005f88   0x0000025c   Code   RO          843    .text               stm32f2xx_gpio.o
    0x080061e4   0x00000428   Code   RO          855    .text               stm32f2xx_i2c.o
    0x0800660c   0x00000588   Code   RO          867    .text               stm32f2xx_rcc.o
    0x08006b94   0x0000008c   Code   RO          881    .text               stm32f2xx_syscfg.o
    0x08006c20   0x0000042e   Code   RO          893    .text               stm32f2xx_usart.o
    0x0800704e   0x00000002   PAD
    0x08007050   0x00000e3c   Code   RO          905    .text               stm32f2x7_eth.o
    0x08007e8c   0x0000010c   Code   RO          924    .text               os_cpu_c.o
    0x08007f98   0x000000a4   Code   RO          945    .text               os_cpu_a.o
    0x0800803c   0x00000878   Code   RO          948    .text               os_core.o
    0x080088b4   0x00000890   Code   RO          968    .text               os_flag.o
    0x08009144   0x0000025c   Code   RO          992    .text               os_mem.o
    0x080093a0   0x00000668   Code   RO         1004    .text               os_mutex.o
    0x08009a08   0x00000640   Code   RO         1016    .text               os_q.o
    0x0800a048   0x000003e4   Code   RO         1028    .text               os_sem.o
    0x0800a42c   0x000008c8   Code   RO         1040    .text               os_task.o
    0x0800acf4   0x000001c8   Code   RO         1052    .text               os_time.o
    0x0800aebc   0x0000003e   Code   RO         1070    .text               def.o
    0x0800aefa   0x00000024   Code   RO         1100    .text               init.o
    0x0800af1e   0x00000002   PAD
    0x0800af20   0x0000044a   Code   RO         1118    .text               mem.o
    0x0800b36a   0x00000002   PAD
    0x0800b36c   0x00000174   Code   RO         1134    .text               memp.o
    0x0800b4e0   0x00000278   Code   RO         1170    .text               netif.o
    0x0800b758   0x000007aa   Code   RO         1226    .text               pbuf.o
    0x0800bf02   0x00000002   PAD
    0x0800bf04   0x000001b0   Code   RO         1256    .text               raw.o
    0x0800c0b4   0x00000002   Code   RO         1284    .text               stats.o
    0x0800c0b6   0x00000002   PAD
    0x0800c0b8   0x00000ea0   Code   RO         1314    .text               tcp.o
    0x0800cf58   0x000017ac   Code   RO         1338    .text               tcp_in.o
    0x0800e704   0x00000d44   Code   RO         1364    .text               tcp_out.o
    0x0800f448   0x00000228   Code   RO         1376    .text               timers.o
    0x0800f670   0x00000540   Code   RO         1399    .text               udp.o
    0x0800fbb0   0x000002a0   Code   RO         1423    .text               icmp.o
    0x0800fe50   0x00000222   Code   RO         1454    .text               inet_chksum.o
    0x08010072   0x00000002   PAD
    0x08010074   0x00000408   Code   RO         1466    .text               ip.o
    0x0801047c   0x000002b4   Code   RO         1491    .text               ip_addr.o
    0x08010730   0x000006f4   Code   RO         1514    .text               ip_frag.o
    0x08010e24   0x000005fc   Code   RO         1531    .text               api_lib.o
    0x08011420   0x00000ef0   Code   RO         1562    .text               api_msg.o
    0x08012310   0x00000190   Code   RO         1583    .text               netbuf.o
    0x080124a0   0x000002e0   Code   RO         1619    .text               tcpip.o
    0x08012780   0x000009f4   Code   RO         1643    .text               etharp.o
    0x08013174   0x000001b8   Code   RO         1663    .text               ethernetif.o
    0x0801332c   0x00000580   Code   RO         1688    .text               sys_arch.o
    0x080138ac   0x00000018   Code   RO         1720    .text               c_w.l(noretval__2printf.o)
    0x080138c4   0x00000052   Code   RO         1724    .text               c_w.l(_printf_pad.o)
    0x08013916   0x00000002   PAD
    0x08013918   0x00000078   Code   RO         1726    .text               c_w.l(_printf_dec.o)
    0x08013990   0x0000005c   Code   RO         1731    .text               c_w.l(_printf_hex_int.o)
    0x080139ec   0x0000013c   Code   RO         1761    .text               c_w.l(__printf_flags_wp.o)
    0x08013b28   0x00000004   Code   RO         1772    .text               c_w.l(putc.o)
    0x08013b2c   0x00000058   Code   RO         1774    .text               c_w.l(memcmp.o)
    0x08013b84   0x0000003e   Code   RO         1776    .text               c_w.l(strlen.o)
    0x08013bc2   0x0000008a   Code   RO         1778    .text               c_w.l(rt_memcpy_v6.o)
    0x08013c4c   0x00000064   Code   RO         1780    .text               c_w.l(rt_memcpy_w.o)
    0x08013cb0   0x00000044   Code   RO         1782    .text               c_w.l(rt_memclr.o)
    0x08013cf4   0x0000004e   Code   RO         1784    .text               c_w.l(rt_memclr_w.o)
    0x08013d42   0x00000006   Code   RO         1786    .text               c_w.l(heapauxi.o)
    0x08013d48   0x000000b8   Code   RO         1791    .text               c_w.l(_printf_intcommon.o)
    0x08013e00   0x00000024   Code   RO         1793    .text               c_w.l(_printf_char_file.o)
    0x08013e24   0x00000030   Code   RO         1811    .text               c_w.l(_printf_char_common.o)
    0x08013e54   0x0000004a   Code   RO         1813    .text               c_w.l(sys_stackheap_outer.o)
    0x08013e9e   0x0000000c   Code   RO         1817    .text               c_w.l(exit.o)
    0x08013eaa   0x00000002   PAD
    0x08013eac   0x00000008   Code   RO         1825    .text               c_w.l(libspace.o)
    0x08013eb4   0x0000000e   Code   RO         1759    i._is_digit         c_w.l(__printf_wp.o)
    0x08013ec2   0x00000002   PAD
    0x08013ec4   0x00000064   Data   RO          592    .constdata          print_cells.o
    0x08013f28   0x00000100   Data   RO          950    .constdata          os_core.o
    0x08014028   0x00000038   Data   RO         1136    .constdata          memp.o
    0x08014060   0x00000050   Data   RO         1315    .constdata          tcp.o
    0x080140b0   0x0000000c   Data   RO         1645    .constdata          etharp.o
    0x080140bc   0x00000028   Data   RO         1732    .constdata          c_w.l(_printf_hex_int.o)
    0x080140e4   0x00000011   Data   RO         1762    .constdata          c_w.l(__printf_flags_wp.o)
    0x080140f5   0x00000068   Data   RO         1316    .conststring        tcp.o
    0x0801415d   0x00000003   PAD
    0x08014160   0x00000020   Data   RO         1947    Region$$Table       anon$$obj.o


    Execution Region RW_IRAM1 (Base: 0x20000000, Size: 0x0001f740, Max: 0x00020000, ABSOLUTE, COMPRESSED[0x00000038])

    Base Addr    Size         Type   Attr      Idx    E Section Name        Object

    0x20000000   0x00000002   Data   RW            2    .data               stm32f2xx_it.o
    0x20000002   0x00000002   PAD
    0x20000004   0x00000014   Data   RW          322    .data               netconf.o
    0x20000018   0x00000002   Data   RW          441    .data               i2c_ee.o
    0x2000001a   0x00000002   PAD
    0x2000001c   0x00000064   Data   RW          460    .data               main.o
    0x20000080   0x00000008   Data   RW          517    .data               compress.o
    0x20000088   0x00000010   Data   RW          540    .data               local_conf.o
    0x20000098   0x00000008   Data   RW          593    .data               print_cells.o
    0x200000a0   0x00000010   Data   RW          634    .data               printerexception.o
    0x200000b0   0x00000004   Data   RW          672    .data               status_mesg.o
    0x200000b4   0x00000008   Data   RW          691    .data               stm32f207_init.o
    0x200000bc   0x00000008   Data   RW          720    .data               wifi_conf.o
    0x200000c4   0x00000014   Data   RW          759    .data               system_stm32f2xx.o
    0x200000d8   0x00000010   Data   RW          868    .data               stm32f2xx_rcc.o
    0x200000e8   0x00000010   Data   RW          907    .data               stm32f2x7_eth.o
    0x200000f8   0x00000044   Data   RW          951    .data               os_core.o
    0x2000013c   0x00000010   Data   RW         1120    .data               mem.o
    0x2000014c   0x00000009   Data   RW         1171    .data               netif.o
    0x20000155   0x00000001   Data   RW         1227    .data               pbuf.o
    0x20000156   0x00000002   PAD
    0x20000158   0x00000004   Data   RW         1257    .data               raw.o
    0x2000015c   0x00000023   Data   RW         1317    .data               tcp.o
    0x2000017f   0x00000001   PAD
    0x20000180   0x00000020   Data   RW         1340    .data               tcp_in.o
    0x200001a0   0x00000008   Data   RW         1377    .data               timers.o
    0x200001a8   0x00000008   Data   RW         1400    .data               udp.o
    0x200001b0   0x00000012   Data   RW         1467    .data               ip.o
    0x200001c2   0x00000002   PAD
    0x200001c4   0x00000006   Data   RW         1515    .data               ip_frag.o
    0x200001ca   0x00000002   PAD
    0x200001cc   0x00000008   Data   RW         1621    .data               tcpip.o
    0x200001d4   0x00000001   Data   RW         1646    .data               etharp.o
    0x200001d5   0x00000003   PAD
    0x200001d8   0x00000004   Data   RW         1690    .data               sys_arch.o
    0x200001dc   0x00000048   Zero   RW          321    .bss                netconf.o
    0x20000224   0x0000b264   Zero   RW          459    .bss                main.o
    0x2000b488   0x0000005c   Zero   RW          591    .bss                print_cells.o
    0x2000b4e4   0x00000224   Zero   RW          612    .bss                print_queue.o
    0x2000b708   0x0000a460   Zero   RW          652    .bss                queue_buf.o
    0x20015b68   0x000001e0   Zero   RW          671    .bss                status_mesg.o
    0x20015d48   0x00002484   Zero   RW          906    .bss                stm32f2x7_eth.o
    0x200181cc   0x00001480   Zero   RW          949    .bss                os_core.o
    0x2001964c   0x00000c14   Zero   RW         1119    .bss                mem.o
    0x2001a260   0x00003aa3   Zero   RW         1135    .bss                memp.o
    0x2001dd03   0x00000001   PAD
    0x2001dd04   0x00000150   Zero   RW         1285    .bss                stats.o
    0x2001de54   0x00000010   Zero   RW         1339    .bss                tcp_in.o
    0x2001de64   0x00000010   Zero   RW         1492    .bss                ip_addr.o
    0x2001de74   0x000001a0   Zero   RW         1620    .bss                tcpip.o
    0x2001e014   0x000000c8   Zero   RW         1644    .bss                etharp.o
    0x2001e0dc   0x00001000   Zero   RW         1689    .bss                sys_arch.o
    0x2001f0dc   0x00000060   Zero   RW         1826    .bss                c_w.l(libspace.o)
    0x2001f13c   0x00000004   PAD
    0x2001f140   0x00000200   Zero   RW          777    HEAP                startup_stm32f2xx.o
    0x2001f340   0x00000400   Zero   RW          776    STACK               startup_stm32f2xx.o


==============================================================================

Image component sizes


      Code (inc. data)   RO Data    RW Data    ZI Data      Debug   Object Name

       724          4          0          0          0       2276   analyze_data.o
      1532         50          0          0          0      16353   api_lib.o
      3824         38          0          0          0       9591   api_msg.o
       704         10          0          8          0       1988   compress.o
         0          0          0          0          0         32   core_cm3.o
        62          0          0          0          0       1674   def.o
      2548         46         12          1        200       9383   etharp.o
       440         40          0          0          0       2889   ethernetif.o
      1312        138          0          2          0       3534   i2c_ee.o
       672         14          0          0          0       2422   icmp.o
         0          0          0          0          0       3768   inet.o
       546          0          0          0          0       2829   inet_chksum.o
        36          0          0          0          0        900   init.o
      1032         34          0         18          0       5935   ip.o
       692         12          0          0         16       8739   ip_addr.o
      1780         26          0          6          0       6956   ip_frag.o
      1364         64          0         16          0       5550   local_conf.o
      2000        912          0        100      45668       5389   main.o
      1098         24          0         16       3092       3738   mem.o
       372         22         56          0      15011       2366   memp.o
       228         22          0          0          0       1741   misc.o
       352          0          0          0          0       2734   more_infomation.o
       400          0          0          0          0       3673   netbuf.o
      1528        124          0         20         72      33806   netconf.o
       632         22          0          9          0      21382   netif.o
      2168        206        256         68       5248      16442   os_core.o
       164         32          0          0          0        264   os_cpu_a.o
       268         14          0          0          0       3015   os_cpu_c.o
      2192         42          0          0          0       6820   os_flag.o
       604         18          0          0          0       3180   os_mem.o
      1640         50          0          0          0       4454   os_mutex.o
      1600         32          0          0          0       5605   os_q.o
       996         18          0          0          0       3854   os_sem.o
      2248         78          0          0          0       7821   os_task.o
       456         24          0          0          0       1750   os_time.o
       138          0          0          0          0        757   pack_data.o
      1962         14          0          1          0       9547   pbuf.o
       412          6          0          0          0       1709   print_bmp.o
      1328         56        100          8         92       5983   print_cells.o
      3280        162          0          0        548      10158   print_queue.o
      1360         72          0         16          0       5855   printerexception.o
       824        108          0          0      42080       4110   queue_buf.o
       432         14          0          4          0       7756   raw.o
       480         10          0          0          0       2308   requestheap.o
        64         26        388          0       1536        820   startup_stm32f2xx.o
         2          0          0          0        336       3590   stats.o
      1876         84          0          4        480       6435   status_mesg.o
      1836         70          0          8          0      23241   stm32f207_init.o
      3644        116          0         16       9348      19836   stm32f2x7_eth.o
       932         32          0          0          0       6169   stm32f2xx_dma.o
       604         36          0          0          0       3837   stm32f2xx_gpio.o
      1064         26          0          0          0       7903   stm32f2xx_i2c.o
       504         54          0          2          0     313154   stm32f2xx_it.o
      1416         48          0         16          0      10751   stm32f2xx_rcc.o
       140         12          0          0          0       1483   stm32f2xx_syscfg.o
      1070         26          0          0          0       7584   stm32f2xx_usart.o
      1408        374          0          4       4096       6441   sys_arch.o
       480         42          0         20          0       1723   system_stm32f2xx.o
      3744        148        184         35          0      21288   tcp.o
      6060        260          0         32         16      15427   tcp_in.o
      3396         22          0          0          0       9331   tcp_out.o
       736         48          0          8        416       9472   tcpip.o
       552         28          0          8          0       3007   timers.o
      1344         30          0          8          0       6610   udp.o
      2104         56          0          8          0       6232   wifi_conf.o

    ----------------------------------------------------------------------
     79420       4096       1031        476     128256     745370   Object Totals
         0          0         32          0          0          0   (incl. Generated)
        14          0          3         14          1          0   (incl. Padding)

    ----------------------------------------------------------------------

      Code (inc. data)   RO Data    RW Data    ZI Data      Debug   Library Member Name

        90          0          0          0          0          0   __dczerorl2.o
         8          0          0          0          0         68   __main.o
       316          6         17          0          0         92   __printf_flags_wp.o
        14          0          0          0          0         68   __printf_wp.o
        52          8          0          0          0          0   __scatter.o
        28          0          0          0          0          0   __scatter_zi.o
        48          6          0          0          0         96   _printf_char_common.o
        36          4          0          0          0         80   _printf_char_file.o
       120         18          0          0          0         92   _printf_dec.o
        92          4         40          0          0         88   _printf_hex_int.o
       184          0          0          0          0         88   _printf_intcommon.o
        82          0          0          0          0        108   _printf_pad.o
         0          0          0          0          0          0   _printf_percent.o
         4          0          0          0          0          0   _printf_percent_end.o
         6          0          0          0          0          0   _printf_u.o
         6          0          0          0          0          0   _printf_x.o
        12          0          0          0          0         72   exit.o
         6          0          0          0          0        152   heapauxi.o
         2          0          0          0          0          0   libinit.o
         2          0          0          0          0          0   libinit2.o
         2          0          0          0          0          0   libshutdown.o
         2          0          0          0          0          0   libshutdown2.o
         8          4          0          0         96         68   libspace.o
        88          0          0          0          0         76   memcmp.o
        24          4          0          0          0         84   noretval__2printf.o
         4          0          0          0          0         68   putc.o
        68          0          0          0          0         68   rt_memclr.o
        78          0          0          0          0         80   rt_memclr_w.o
       138          0          0          0          0         68   rt_memcpy_v6.o
       100          0          0          0          0         80   rt_memcpy_w.o
         0          0          0          0          0          0   rtentry.o
        12          0          0          0          0          0   rtentry2.o
         6          0          0          0          0          0   rtentry4.o
         2          0          0          0          0          0   rtexit.o
        10          0          0          0          0          0   rtexit2.o
        62          0          0          0          0         76   strlen.o
        74          0          0          0          0         80   sys_stackheap_outer.o

    ----------------------------------------------------------------------
      1796         54         57          0        100       1752   Library Totals
        10          0          0          0          4          0   (incl. Padding)

    ----------------------------------------------------------------------

      Code (inc. data)   RO Data    RW Data    ZI Data      Debug   Library Name

      1786         54         57          0         96       1752   c_w.l

    ----------------------------------------------------------------------
      1796         54         57          0        100       1752   Library Totals

    ----------------------------------------------------------------------

==============================================================================


      Code (inc. data)   RO Data    RW Data    ZI Data      Debug   

     81216       4150       1088        476     128356     740570   Grand Totals
     81216       4150       1088         56     128356     740570   ELF Image Totals (compressed)
     81216       4150       1088         56          0          0   ROM Totals

==============================================================================

    Total RO  Size (Code + RO Data)                82304 (  80.38kB)
    Total RW  Size (RW Data + ZI Data)            128832 ( 125.81kB)
    Total ROM Size (Code + RO Data + RW Data)      82360 (  80.43kB)

==============================================================================

